// Jest Snapshot v1, https://goo.gl/fbAQLP

exports[`Snapshot - Graph Component should match snapshot 1`] = `
<div
  id="graphId-graph-wrapper"
>
  <svg
    style={
      Object {
        "height": 600,
        "width": 600,
      }
    }
  >
    <defs>
      <marker
        fill="blue"
        id="marker-small"
        markerHeight="6"
        markerWidth="6"
        orient="auto"
        refX={16}
        refY="0"
        viewBox="0 -5 10 10"
      >
        <path
          d="M0,-5L10,0L0,5"
        />
      </marker>
      <marker
        fill="blue"
        id="marker-small-highlighted"
        markerHeight="6"
        markerWidth="6"
        orient="auto"
        refX={16}
        refY="0"
        viewBox="0 -5 10 10"
      >
        <path
          d="M0,-5L10,0L0,5"
        />
      </marker>
      <marker
        fill="blue"
        id="marker-medium"
        markerHeight="6"
        markerWidth="6"
        orient="auto"
        refX={21.333333333333332}
        refY="0"
        viewBox="0 -5 10 10"
      >
        <path
          d="M0,-5L10,0L0,5"
        />
      </marker>
      <marker
        fill="blue"
        id="marker-medium-highlighted"
        markerHeight="6"
        markerWidth="6"
        orient="auto"
        refX={21.333333333333332}
        refY="0"
        viewBox="0 -5 10 10"
      >
        <path
          d="M0,-5L10,0L0,5"
        />
      </marker>
      <marker
        fill="blue"
        id="marker-large"
        markerHeight="6"
        markerWidth="6"
        orient="auto"
        refX={26.666666666666664}
        refY="0"
        viewBox="0 -5 10 10"
      >
        <path
          d="M0,-5L10,0L0,5"
        />
      </marker>
      <marker
        fill="blue"
        id="marker-large-highlighted"
        markerHeight="6"
        markerWidth="6"
        orient="auto"
        refX={26.666666666666664}
        refY="0"
        viewBox="0 -5 10 10"
      >
        <path
          d="M0,-5L10,0L0,5"
        />
      </marker>
    </defs>
    <g
      id="graphId-graph-container-zoomable"
    >
      <path
        className="link"
        d="M40,200A205.91260281974002,205.91260281974002 0 0,1 140,20"
        id="Harry,Sally"
        markerEnd="url(#marker-small)"
        onClick={[Function]}
        onMouseOut={[Function]}
        onMouseOver={[Function]}
        style={
          Object {
            "fill": "none",
            "opacity": 1,
            "stroke": "blue",
            "strokeWidth": 2,
          }
        }
      />
      <path
        className="link"
        d="M40,200A92.19544457292888,92.19544457292888 0 0,1 20,110"
        id="Harry,Mario"
        markerEnd="url(#marker-small)"
        onClick={[Function]}
        onMouseOut={[Function]}
        onMouseOver={[Function]}
        style={
          Object {
            "fill": "none",
            "opacity": 1,
            "stroke": "blue",
            "strokeWidth": 2,
          }
        }
      />
      <path
        className="link"
        d="M30,184A624.7767601311688,624.7767601311688 0 0,1 305,745"
        id="Sarah,Alice"
        markerEnd="url(#marker-small)"
        onClick={[Function]}
        onMouseOut={[Function]}
        onMouseOver={[Function]}
        style={
          Object {
            "fill": "none",
            "opacity": 1,
            "stroke": "blue",
            "strokeWidth": 2,
          }
        }
      />
      <path
        className="link"
        d="M200,300A457.21985958617324,457.21985958617324 0 0,1 305,745"
        id="Eveie,Alice"
        markerEnd="url(#marker-small)"
        onClick={[Function]}
        onMouseOut={[Function]}
        onMouseOver={[Function]}
        style={
          Object {
            "fill": "none",
            "opacity": 1,
            "stroke": "blue",
            "strokeWidth": 2,
          }
        }
      />
      <path
        className="link"
        d="M120,270A509.7548430373173,509.7548430373173 0 0,1 305,745"
        id="Peter,Alice"
        markerEnd="url(#marker-small)"
        onClick={[Function]}
        onMouseOut={[Function]}
        onMouseOver={[Function]}
        style={
          Object {
            "fill": "none",
            "opacity": 1,
            "stroke": "blue",
            "strokeWidth": 2,
          }
        }
      />
      <path
        className="link"
        d="M20,110A696.0244248587833,696.0244248587833 0 0,1 305,745"
        id="Mario,Alice"
        markerEnd="url(#marker-small)"
        onClick={[Function]}
        onMouseOut={[Function]}
        onMouseOver={[Function]}
        style={
          Object {
            "fill": "none",
            "opacity": 1,
            "stroke": "blue",
            "strokeWidth": 2,
          }
        }
      />
      <path
        className="link"
        d="M190,609A178.10390225932727,178.10390225932727 0 0,1 305,745"
        id="James,Alice"
        markerEnd="url(#marker-small)"
        onClick={[Function]}
        onMouseOut={[Function]}
        onMouseOver={[Function]}
        style={
          Object {
            "fill": "none",
            "opacity": 1,
            "stroke": "blue",
            "strokeWidth": 2,
          }
        }
      />
      <path
        className="link"
        d="M40,200A61.00819617067857,61.00819617067857 0 0,1 101,201"
        id="Harry,Carol"
        markerEnd="url(#marker-small)"
        onClick={[Function]}
        onMouseOut={[Function]}
        onMouseOver={[Function]}
        style={
          Object {
            "fill": "none",
            "opacity": 1,
            "stroke": "blue",
            "strokeWidth": 2,
          }
        }
      />
      <path
        className="link"
        d="M40,200A38,38 0 0,1 2,200"
        id="Harry,Nicky"
        markerEnd="url(#marker-small)"
        onClick={[Function]}
        onMouseOut={[Function]}
        onMouseOver={[Function]}
        style={
          Object {
            "fill": "none",
            "opacity": 1,
            "stroke": "blue",
            "strokeWidth": 2,
          }
        }
      />
      <path
        className="link"
        d="M404,404A540.348035991619,540.348035991619 0 0,1 14,30"
        id="Bobby,Frank"
        markerEnd="url(#marker-small)"
        onClick={[Function]}
        onMouseOut={[Function]}
        onMouseOver={[Function]}
        style={
          Object {
            "fill": "none",
            "opacity": 1,
            "stroke": "blue",
            "strokeWidth": 2,
          }
        }
      />
      <path
        className="link"
        d="M305,745A696.0244248587833,696.0244248587833 0 0,1 20,110"
        id="Alice,Mario"
        markerEnd="url(#marker-small)"
        onClick={[Function]}
        onMouseOut={[Function]}
        onMouseOver={[Function]}
        style={
          Object {
            "fill": "none",
            "opacity": 1,
            "stroke": "blue",
            "strokeWidth": 2,
          }
        }
      />
      <path
        className="link"
        d="M40,200A56.356011214421486,56.356011214421486 0 0,1 14,250"
        id="Harry,Lynne"
        markerEnd="url(#marker-small)"
        onClick={[Function]}
        onMouseOut={[Function]}
        onMouseOver={[Function]}
        style={
          Object {
            "fill": "none",
            "opacity": 1,
            "stroke": "blue",
            "strokeWidth": 2,
          }
        }
      />
      <path
        className="link"
        d="M30,184A454.1200281863816,454.1200281863816 0 0,1 190,609"
        id="Sarah,James"
        markerEnd="url(#marker-small)"
        onClick={[Function]}
        onMouseOut={[Function]}
        onMouseOver={[Function]}
        style={
          Object {
            "fill": "none",
            "opacity": 1,
            "stroke": "blue",
            "strokeWidth": 2,
          }
        }
      />
      <path
        className="link"
        d="M14,259A391.76013069223876,391.76013069223876 0 0,1 190,609"
        id="Roger,James"
        markerEnd="url(#marker-small)"
        onClick={[Function]}
        onMouseOut={[Function]}
        onMouseOver={[Function]}
        style={
          Object {
            "fill": "none",
            "opacity": 1,
            "stroke": "blue",
            "strokeWidth": 2,
          }
        }
      />
      <path
        className="link"
        d="M409,500A244.6262455256999,244.6262455256999 0 0,1 190,609"
        id="Maddy,James"
        markerEnd="url(#marker-small)"
        onClick={[Function]}
        onMouseOut={[Function]}
        onMouseOver={[Function]}
        style={
          Object {
            "fill": "none",
            "opacity": 1,
            "stroke": "blue",
            "strokeWidth": 2,
          }
        }
      />
      <path
        className="link"
        d="M520,123A523.9580135850582,523.9580135850582 0 0,1 14,259"
        id="Sonny,Roger"
        markerEnd="url(#marker-small)"
        onClick={[Function]}
        onMouseOut={[Function]}
        onMouseOver={[Function]}
        style={
          Object {
            "fill": "none",
            "opacity": 1,
            "stroke": "blue",
            "strokeWidth": 2,
          }
        }
      />
      <path
        className="link"
        d="M190,609A391.76013069223876,391.76013069223876 0 0,1 14,259"
        id="James,Roger"
        markerEnd="url(#marker-small)"
        onClick={[Function]}
        onMouseOut={[Function]}
        onMouseOver={[Function]}
        style={
          Object {
            "fill": "none",
            "opacity": 1,
            "stroke": "blue",
            "strokeWidth": 2,
          }
        }
      />
      <path
        className="link"
        d="M305,745A509.7548430373173,509.7548430373173 0 0,1 120,270"
        id="Alice,Peter"
        markerEnd="url(#marker-small)"
        onClick={[Function]}
        onMouseOut={[Function]}
        onMouseOver={[Function]}
        style={
          Object {
            "fill": "none",
            "opacity": 1,
            "stroke": "blue",
            "strokeWidth": 2,
          }
        }
      />
      <path
        className="link"
        d="M14,20A271.5437349673161,271.5437349673161 0 0,1 120,270"
        id="Johan,Peter"
        markerEnd="url(#marker-small)"
        onClick={[Function]}
        onMouseOut={[Function]}
        onMouseOver={[Function]}
        style={
          Object {
            "fill": "none",
            "opacity": 1,
            "stroke": "blue",
            "strokeWidth": 2,
          }
        }
      />
      <path
        className="link"
        d="M305,745A457.21985958617324,457.21985958617324 0 0,1 200,300"
        id="Alice,Eveie"
        markerEnd="url(#marker-small)"
        onClick={[Function]}
        onMouseOut={[Function]}
        onMouseOver={[Function]}
        style={
          Object {
            "fill": "none",
            "opacity": 1,
            "stroke": "blue",
            "strokeWidth": 2,
          }
        }
      />
      <path
        className="link"
        d="M40,200A188.67962264113208,188.67962264113208 0 0,1 200,300"
        id="Harry,Eveie"
        markerEnd="url(#marker-small)"
        onClick={[Function]}
        onMouseOut={[Function]}
        onMouseOver={[Function]}
        style={
          Object {
            "fill": "none",
            "opacity": 1,
            "stroke": "blue",
            "strokeWidth": 2,
          }
        }
      />
      <path
        className="link"
        d="M200,300A188.67962264113208,188.67962264113208 0 0,1 40,200"
        id="Eveie,Harry"
        markerEnd="url(#marker-small)"
        onClick={[Function]}
        onMouseOut={[Function]}
        onMouseOver={[Function]}
        style={
          Object {
            "fill": "none",
            "opacity": 1,
            "stroke": "blue",
            "strokeWidth": 2,
          }
        }
      />
      <path
        className="link"
        d="M20,1A113.22985472038724,113.22985472038724 0 0,1 90,90"
        id="Henry,Mikey"
        markerEnd="url(#marker-small)"
        onClick={[Function]}
        onMouseOut={[Function]}
        onMouseOver={[Function]}
        style={
          Object {
            "fill": "none",
            "opacity": 1,
            "stroke": "blue",
            "strokeWidth": 2,
          }
        }
      />
      <path
        className="link"
        d="M90,656A566,566 0 0,1 90,90"
        id="Elric,Mikey"
        markerEnd="url(#marker-small)"
        onClick={[Function]}
        onMouseOut={[Function]}
        onMouseOver={[Function]}
        style={
          Object {
            "fill": "none",
            "opacity": 1,
            "stroke": "blue",
            "strokeWidth": 2,
          }
        }
      />
      <path
        className="link"
        d="M190,609A454.1200281863816,454.1200281863816 0 0,1 30,184"
        id="James,Sarah"
        markerEnd="url(#marker-small)"
        onClick={[Function]}
        onMouseOut={[Function]}
        onMouseOver={[Function]}
        style={
          Object {
            "fill": "none",
            "opacity": 1,
            "stroke": "blue",
            "strokeWidth": 2,
          }
        }
      />
      <path
        className="link"
        d="M305,745A624.7767601311688,624.7767601311688 0 0,1 30,184"
        id="Alice,Sarah"
        markerEnd="url(#marker-small)"
        onClick={[Function]}
        onMouseOut={[Function]}
        onMouseOver={[Function]}
        style={
          Object {
            "fill": "none",
            "opacity": 1,
            "stroke": "blue",
            "strokeWidth": 2,
          }
        }
      />
      <path
        className="link"
        d="M190,609A244.6262455256999,244.6262455256999 0 0,1 409,500"
        id="James,Maddy"
        markerEnd="url(#marker-small)"
        onClick={[Function]}
        onMouseOut={[Function]}
        onMouseOver={[Function]}
        style={
          Object {
            "fill": "none",
            "opacity": 1,
            "stroke": "blue",
            "strokeWidth": 2,
          }
        }
      />
      <path
        className="link"
        d="M120,270A271.5437349673161,271.5437349673161 0 0,1 14,20"
        id="Peter,Johan"
        markerEnd="url(#marker-small)"
        onClick={[Function]}
        onMouseOut={[Function]}
        onMouseOver={[Function]}
        style={
          Object {
            "fill": "none",
            "opacity": 1,
            "stroke": "blue",
            "strokeWidth": 2,
          }
        }
      />
      <g
        className="node"
        cx="40"
        cy="200"
        id="Harry"
        transform="translate(40,200)"
      >
        <path
          cursor="pointer"
          d="M5.641895835477563,0A5.641895835477563,5.641895835477563,0,1,1,-5.641895835477563,0A5.641895835477563,5.641895835477563,0,1,1,5.641895835477563,0"
          fill="red"
          onClick={[Function]}
          onMouseOut={[Function]}
          onMouseOver={[Function]}
          opacity={1}
          stroke="none"
          strokeWidth={1.5}
        />
        <text
          dx={10.5}
          dy=".35em"
          fill="black"
          fontSize={8}
          fontWeight="normal"
          opacity={1}
        >
          Harry
        </text>
      </g>
      <g
        className="node"
        cx="140"
        cy="20"
        id="Sally"
        transform="translate(140,20)"
      >
        <path
          cursor="pointer"
          d="M5.641895835477563,0A5.641895835477563,5.641895835477563,0,1,1,-5.641895835477563,0A5.641895835477563,5.641895835477563,0,1,1,5.641895835477563,0"
          fill="red"
          onClick={[Function]}
          onMouseOut={[Function]}
          onMouseOver={[Function]}
          opacity={1}
          stroke="none"
          strokeWidth={1.5}
        />
        <text
          dx={10.5}
          dy=".35em"
          fill="black"
          fontSize={8}
          fontWeight="normal"
          opacity={1}
        >
          Sally
        </text>
      </g>
      <g
        className="node"
        cx="20"
        cy="110"
        id="Mario"
        transform="translate(20,110)"
      >
        <path
          cursor="pointer"
          d="M5.641895835477563,0A5.641895835477563,5.641895835477563,0,1,1,-5.641895835477563,0A5.641895835477563,5.641895835477563,0,1,1,5.641895835477563,0"
          fill="red"
          onClick={[Function]}
          onMouseOut={[Function]}
          onMouseOver={[Function]}
          opacity={1}
          stroke="none"
          strokeWidth={1.5}
        />
        <text
          dx={10.5}
          dy=".35em"
          fill="black"
          fontSize={8}
          fontWeight="normal"
          opacity={1}
        >
          Mario
        </text>
      </g>
      <g
        className="node"
        cx="30"
        cy="184"
        id="Sarah"
        transform="translate(30,184)"
      >
        <path
          cursor="pointer"
          d="M5.641895835477563,0A5.641895835477563,5.641895835477563,0,1,1,-5.641895835477563,0A5.641895835477563,5.641895835477563,0,1,1,5.641895835477563,0"
          fill="red"
          onClick={[Function]}
          onMouseOut={[Function]}
          onMouseOver={[Function]}
          opacity={1}
          stroke="none"
          strokeWidth={1.5}
        />
        <text
          dx={10.5}
          dy=".35em"
          fill="black"
          fontSize={8}
          fontWeight="normal"
          opacity={1}
        >
          Sarah
        </text>
      </g>
      <g
        className="node"
        cx="305"
        cy="745"
        id="Alice"
        transform="translate(305,745)"
      >
        <path
          cursor="pointer"
          d="M5.641895835477563,0A5.641895835477563,5.641895835477563,0,1,1,-5.641895835477563,0A5.641895835477563,5.641895835477563,0,1,1,5.641895835477563,0"
          fill="red"
          onClick={[Function]}
          onMouseOut={[Function]}
          onMouseOver={[Function]}
          opacity={1}
          stroke="none"
          strokeWidth={1.5}
        />
        <text
          dx={10.5}
          dy=".35em"
          fill="black"
          fontSize={8}
          fontWeight="normal"
          opacity={1}
        >
          Alice
        </text>
      </g>
      <g
        className="node"
        cx="200"
        cy="300"
        id="Eveie"
        transform="translate(200,300)"
      >
        <path
          cursor="pointer"
          d="M5.641895835477563,0A5.641895835477563,5.641895835477563,0,1,1,-5.641895835477563,0A5.641895835477563,5.641895835477563,0,1,1,5.641895835477563,0"
          fill="red"
          onClick={[Function]}
          onMouseOut={[Function]}
          onMouseOver={[Function]}
          opacity={1}
          stroke="none"
          strokeWidth={1.5}
        />
        <text
          dx={10.5}
          dy=".35em"
          fill="black"
          fontSize={8}
          fontWeight="normal"
          opacity={1}
        >
          Eveie
        </text>
      </g>
      <g
        className="node"
        cx="120"
        cy="270"
        id="Peter"
        transform="translate(120,270)"
      >
        <path
          cursor="pointer"
          d="M5.641895835477563,0A5.641895835477563,5.641895835477563,0,1,1,-5.641895835477563,0A5.641895835477563,5.641895835477563,0,1,1,5.641895835477563,0"
          fill="red"
          onClick={[Function]}
          onMouseOut={[Function]}
          onMouseOver={[Function]}
          opacity={1}
          stroke="none"
          strokeWidth={1.5}
        />
        <text
          dx={10.5}
          dy=".35em"
          fill="black"
          fontSize={8}
          fontWeight="normal"
          opacity={1}
        >
          Peter
        </text>
      </g>
      <g
        className="node"
        cx="190"
        cy="609"
        id="James"
        transform="translate(190,609)"
      >
        <path
          cursor="pointer"
          d="M5.641895835477563,0A5.641895835477563,5.641895835477563,0,1,1,-5.641895835477563,0A5.641895835477563,5.641895835477563,0,1,1,5.641895835477563,0"
          fill="red"
          onClick={[Function]}
          onMouseOut={[Function]}
          onMouseOver={[Function]}
          opacity={1}
          stroke="none"
          strokeWidth={1.5}
        />
        <text
          dx={10.5}
          dy=".35em"
          fill="black"
          fontSize={8}
          fontWeight="normal"
          opacity={1}
        >
          James
        </text>
      </g>
      <g
        className="node"
        cx="101"
        cy="201"
        id="Carol"
        transform="translate(101,201)"
      >
        <path
          cursor="pointer"
          d="M5.641895835477563,0A5.641895835477563,5.641895835477563,0,1,1,-5.641895835477563,0A5.641895835477563,5.641895835477563,0,1,1,5.641895835477563,0"
          fill="red"
          onClick={[Function]}
          onMouseOut={[Function]}
          onMouseOver={[Function]}
          opacity={1}
          stroke="none"
          strokeWidth={1.5}
        />
        <text
          dx={10.5}
          dy=".35em"
          fill="black"
          fontSize={8}
          fontWeight="normal"
          opacity={1}
        >
          Carol
        </text>
      </g>
      <g
        className="node"
        cx="2"
        cy="200"
        id="Nicky"
        transform="translate(2,200)"
      >
        <path
          cursor="pointer"
          d="M5.641895835477563,0A5.641895835477563,5.641895835477563,0,1,1,-5.641895835477563,0A5.641895835477563,5.641895835477563,0,1,1,5.641895835477563,0"
          fill="red"
          onClick={[Function]}
          onMouseOut={[Function]}
          onMouseOver={[Function]}
          opacity={1}
          stroke="none"
          strokeWidth={1.5}
        />
        <text
          dx={10.5}
          dy=".35em"
          fill="black"
          fontSize={8}
          fontWeight="normal"
          opacity={1}
        >
          Nicky
        </text>
      </g>
      <g
        className="node"
        cx="404"
        cy="404"
        id="Bobby"
        transform="translate(404,404)"
      >
        <path
          cursor="pointer"
          d="M5.641895835477563,0A5.641895835477563,5.641895835477563,0,1,1,-5.641895835477563,0A5.641895835477563,5.641895835477563,0,1,1,5.641895835477563,0"
          fill="red"
          onClick={[Function]}
          onMouseOut={[Function]}
          onMouseOver={[Function]}
          opacity={1}
          stroke="none"
          strokeWidth={1.5}
        />
        <text
          dx={10.5}
          dy=".35em"
          fill="black"
          fontSize={8}
          fontWeight="normal"
          opacity={1}
        >
          Bobby
        </text>
      </g>
      <g
        className="node"
        cx="14"
        cy="30"
        id="Frank"
        transform="translate(14,30)"
      >
        <path
          cursor="pointer"
          d="M5.641895835477563,0A5.641895835477563,5.641895835477563,0,1,1,-5.641895835477563,0A5.641895835477563,5.641895835477563,0,1,1,5.641895835477563,0"
          fill="red"
          onClick={[Function]}
          onMouseOut={[Function]}
          onMouseOver={[Function]}
          opacity={1}
          stroke="none"
          strokeWidth={1.5}
        />
        <text
          dx={10.5}
          dy=".35em"
          fill="black"
          fontSize={8}
          fontWeight="normal"
          opacity={1}
        >
          Frank
        </text>
      </g>
      <g
        className="node"
        cx="14"
        cy="250"
        id="Lynne"
        transform="translate(14,250)"
      >
        <path
          cursor="pointer"
          d="M5.641895835477563,0A5.641895835477563,5.641895835477563,0,1,1,-5.641895835477563,0A5.641895835477563,5.641895835477563,0,1,1,5.641895835477563,0"
          fill="red"
          onClick={[Function]}
          onMouseOut={[Function]}
          onMouseOver={[Function]}
          opacity={1}
          stroke="none"
          strokeWidth={1.5}
        />
        <text
          dx={10.5}
          dy=".35em"
          fill="black"
          fontSize={8}
          fontWeight="normal"
          opacity={1}
        >
          Lynne
        </text>
      </g>
      <g
        className="node"
        cx="14"
        cy="259"
        id="Roger"
        transform="translate(14,259)"
      >
        <path
          cursor="pointer"
          d="M5.641895835477563,0A5.641895835477563,5.641895835477563,0,1,1,-5.641895835477563,0A5.641895835477563,5.641895835477563,0,1,1,5.641895835477563,0"
          fill="red"
          onClick={[Function]}
          onMouseOut={[Function]}
          onMouseOver={[Function]}
          opacity={1}
          stroke="none"
          strokeWidth={1.5}
        />
        <text
          dx={10.5}
          dy=".35em"
          fill="black"
          fontSize={8}
          fontWeight="normal"
          opacity={1}
        >
          Roger
        </text>
      </g>
      <g
        className="node"
        cx="409"
        cy="500"
        id="Maddy"
        transform="translate(409,500)"
      >
        <path
          cursor="pointer"
          d="M5.641895835477563,0A5.641895835477563,5.641895835477563,0,1,1,-5.641895835477563,0A5.641895835477563,5.641895835477563,0,1,1,5.641895835477563,0"
          fill="red"
          onClick={[Function]}
          onMouseOut={[Function]}
          onMouseOver={[Function]}
          opacity={1}
          stroke="none"
          strokeWidth={1.5}
        />
        <text
          dx={10.5}
          dy=".35em"
          fill="black"
          fontSize={8}
          fontWeight="normal"
          opacity={1}
        >
          Maddy
        </text>
      </g>
      <g
        className="node"
        cx="520"
        cy="123"
        id="Sonny"
        transform="translate(520,123)"
      >
        <path
          cursor="pointer"
          d="M5.641895835477563,0A5.641895835477563,5.641895835477563,0,1,1,-5.641895835477563,0A5.641895835477563,5.641895835477563,0,1,1,5.641895835477563,0"
          fill="red"
          onClick={[Function]}
          onMouseOut={[Function]}
          onMouseOver={[Function]}
          opacity={1}
          stroke="none"
          strokeWidth={1.5}
        />
        <text
          dx={10.5}
          dy=".35em"
          fill="black"
          fontSize={8}
          fontWeight="normal"
          opacity={1}
        >
          Sonny
        </text>
      </g>
      <g
        className="node"
        cx="14"
        cy="20"
        id="Johan"
        transform="translate(14,20)"
      >
        <path
          cursor="pointer"
          d="M5.641895835477563,0A5.641895835477563,5.641895835477563,0,1,1,-5.641895835477563,0A5.641895835477563,5.641895835477563,0,1,1,5.641895835477563,0"
          fill="red"
          onClick={[Function]}
          onMouseOut={[Function]}
          onMouseOver={[Function]}
          opacity={1}
          stroke="none"
          strokeWidth={1.5}
        />
        <text
          dx={10.5}
          dy=".35em"
          fill="black"
          fontSize={8}
          fontWeight="normal"
          opacity={1}
        >
          Johan
        </text>
      </g>
      <g
        className="node"
        cx="20"
        cy="1"
        id="Henry"
        transform="translate(20,1)"
      >
        <path
          cursor="pointer"
          d="M5.641895835477563,0A5.641895835477563,5.641895835477563,0,1,1,-5.641895835477563,0A5.641895835477563,5.641895835477563,0,1,1,5.641895835477563,0"
          fill="red"
          onClick={[Function]}
          onMouseOut={[Function]}
          onMouseOver={[Function]}
          opacity={1}
          stroke="none"
          strokeWidth={1.5}
        />
        <text
          dx={10.5}
          dy=".35em"
          fill="black"
          fontSize={8}
          fontWeight="normal"
          opacity={1}
        >
          Henry
        </text>
      </g>
      <g
        className="node"
        cx="90"
        cy="90"
        id="Mikey"
        transform="translate(90,90)"
      >
        <path
          cursor="pointer"
          d="M5.641895835477563,0A5.641895835477563,5.641895835477563,0,1,1,-5.641895835477563,0A5.641895835477563,5.641895835477563,0,1,1,5.641895835477563,0"
          fill="red"
          onClick={[Function]}
          onMouseOut={[Function]}
          onMouseOver={[Function]}
          opacity={1}
          stroke="none"
          strokeWidth={1.5}
        />
        <text
          dx={10.5}
          dy=".35em"
          fill="black"
          fontSize={8}
          fontWeight="normal"
          opacity={1}
        >
          Mikey
        </text>
      </g>
      <g
        className="node"
        cx="90"
        cy="656"
        id="Elric"
        transform="translate(90,656)"
      >
        <path
          cursor="pointer"
          d="M5.641895835477563,0A5.641895835477563,5.641895835477563,0,1,1,-5.641895835477563,0A5.641895835477563,5.641895835477563,0,1,1,5.641895835477563,0"
          fill="red"
          onClick={[Function]}
          onMouseOut={[Function]}
          onMouseOver={[Function]}
          opacity={1}
          stroke="none"
          strokeWidth={1.5}
        />
        <text
          dx={10.5}
          dy=".35em"
          fill="black"
          fontSize={8}
          fontWeight="normal"
          opacity={1}
        >
          Elric
        </text>
      </g>
    </g>
  </svg>
</div>
`;
